#
# There is insufficient memory for the Java Runtime Environment to continue.
# Native memory allocation (mmap) failed to map 67108864 bytes for G1 virtual space
# Possible reasons:
#   The system is out of physical RAM or swap space
#   The process is running with CompressedOops enabled, and the Java Heap may be blocking the growth of the native heap
# Possible solutions:
#   Reduce memory load on the system
#   Increase physical memory or swap space
#   Check if swap backing store is full
#   Decrease Java heap size (-Xmx/-Xms)
#   Decrease number of Java threads
#   Decrease Java thread stack sizes (-Xss)
#   Set larger code cache with -XX:ReservedCodeCacheSize=
#   JVM is running with Unscaled Compressed Oops mode in which the Java heap is
#     placed in the first 4GB address space. The Java Heap base address is the
#     maximum limit for the native heap growth. Please use -XX:HeapBaseMinAddress
#     to set the Java Heap base and to place the Java Heap above 4GB virtual address.
# This output file may be truncated or incomplete.
#
#  Out of Memory Error (os_windows.cpp:3548), pid=30260, tid=24816
#
# JRE version:  (17.0.12+8) (build )
# Java VM: Java HotSpot(TM) 64-Bit Server VM (17.0.12+8-LTS-286, mixed mode, sharing, tiered, compressed oops, compressed class ptrs, g1 gc, windows-amd64)
# No core dump will be written. Minidumps are not enabled by default on client versions of Windows
#

---------------  S U M M A R Y ------------

Command Line: -Xmx64m -Xms64m -Dorg.gradle.appname=gradlew C:\Users\Sadhana\Projects\BridgifyApp\PeerReach\android\\gradle\wrapper\gradle-wrapper.jar app:installDebug -PreactNativeDevServerPort=8081

Host: 13th Gen Intel(R) Core(TM) i7-13650HX, 20 cores, 15G,  Windows 11 , 64 bit Build 26100 (10.0.26100.7920)
Time: Thu Mar 19 17:08:27 2026 India Standard Time elapsed time: 1.278905 seconds (0d 0h 0m 1s)

---------------  T H R E A D  ---------------

Current thread (0x0000021b9b3d4750):  JavaThread "Unknown thread" [_thread_in_vm, id=24816, stack(0x000000f330000000,0x000000f330100000)]

Stack: [0x000000f330000000,0x000000f330100000]
Native frames: (J=compiled Java code, j=interpreted, Vv=VM code, C=native code)
V  [jvm.dll+0x67a04a]
V  [jvm.dll+0x7da4ed]
V  [jvm.dll+0x7dbe33]
V  [jvm.dll+0x7dc4a3]
V  [jvm.dll+0x24508f]
V  [jvm.dll+0x677089]
V  [jvm.dll+0x66bd32]
V  [jvm.dll+0x301fa6]
V  [jvm.dll+0x309546]
V  [jvm.dll+0x359d2e]
V  [jvm.dll+0x359f5f]
V  [jvm.dll+0x2d9078]
V  [jvm.dll+0x2d9fe4]
V  [jvm.dll+0x7aca21]
V  [jvm.dll+0x367591]
V  [jvm.dll+0x78b999]
V  [jvm.dll+0x3ec83f]
V  [jvm.dll+0x3ee471]
C  [jli.dll+0x5297]
C  [ucrtbase.dll+0x37b0]
C  [KERNEL32.DLL+0x2e8d7]
C  [ntdll.dll+0x8c48c]


---------------  P R O C E S S  ---------------

Threads class SMR info:
_java_thread_list=0x00007fffbd3f7a18, length=0, elements={
}

Java Threads: ( => current thread )

Other Threads:
  0x0000021b9b3f81d0 GCTaskThread "GC Thread#0" [stack: 0x000000f330100000,0x000000f330200000] [id=16928]
  0x0000021b9b3f9920 ConcurrentGCThread "G1 Main Marker" [stack: 0x000000f330200000,0x000000f330300000] [id=34616]
  0x0000021b9b3fc010 ConcurrentGCThread "G1 Conc#0" [stack: 0x000000f330300000,0x000000f330400000] [id=8056]

[error occurred during error reporting (printing all threads), id 0xc0000005, EXCEPTION_ACCESS_VIOLATION (0xc0000005) at pc=0x00007fffbcc29b67]

VM state: not at safepoint (not fully initialized)

VM Mutex/Monitor currently owned by a thread:  ([mutex/lock_event])
[0x0000021b9b3d0c10] Heap_lock - owner thread: 0x0000021b9b3d4750

Heap address: 0x00000000fc000000, size: 64 MB, Compressed Oops mode: 32-bit

CDS archive(s) mapped at: [0x0000000000000000-0x0000000000000000-0x0000000000000000), size 0, SharedBaseAddress: 0x0000000800000000, ArchiveRelocationMode: 1.
Narrow klass base: 0x0000000000000000, Narrow klass shift: 0, Narrow klass range: 0x0

GC Precious Log:
<Empty>

Heap:
 garbage-first heap   total 0K, used 0K [0x00000000fc000000, 0x0000000100000000)
  region size 1024K, 0 young (0K), 0 survivors (0K)

[error occurred during error reporting (printing heap information), id 0xc0000005, EXCEPTION_ACCESS_VIOLATION (0xc0000005) at pc=0x00007fffbd013859]

GC Heap History (0 events):
No events

Deoptimization events (0 events):
No events

Classes unloaded (0 events):
No events

Classes redefined (0 events):
No events

Internal exceptions (0 events):
No events

VM Operations (0 events):
No events

Events (1 events):
Event: 0.004 Loaded shared library C:\Program Files\Java\jdk-17\bin\java.dll


Dynamic libraries:
0x00007ff6d3c40000 - 0x00007ff6d3c50000 	C:\Program Files\Java\jdk-17\bin\java.exe
0x00007ff891e60000 - 0x00007ff8920c7000 	C:\WINDOWS\SYSTEM32\ntdll.dll
0x00007ff8919c0000 - 0x00007ff891a89000 	C:\WINDOWS\System32\KERNEL32.DLL
0x00007ff88ea10000 - 0x00007ff88ee01000 	C:\WINDOWS\System32\KERNELBASE.dll
0x00007ff88e740000 - 0x00007ff88e88b000 	C:\WINDOWS\System32\ucrtbase.dll
0x00007ff840410000 - 0x00007ff840429000 	C:\Program Files\Java\jdk-17\bin\jli.dll
0x00007ff88ff00000 - 0x00007ff88ffbb000 	C:\WINDOWS\System32\ADVAPI32.dll
0x00007ff8686c0000 - 0x00007ff8686db000 	C:\Program Files\Java\jdk-17\bin\VCRUNTIME140.dll
0x00007ff891c70000 - 0x00007ff891d19000 	C:\WINDOWS\System32\msvcrt.dll
0x00007ff891350000 - 0x00007ff8913f7000 	C:\WINDOWS\System32\sechost.dll
0x00007ff88fc00000 - 0x00007ff88fd18000 	C:\WINDOWS\System32\RPCRT4.dll
0x00007ff891090000 - 0x00007ff891255000 	C:\WINDOWS\System32\USER32.dll
0x00007ff88ee10000 - 0x00007ff88ee37000 	C:\WINDOWS\System32\win32u.dll
0x00007ff86a8a0000 - 0x00007ff86ab33000 	C:\WINDOWS\WinSxS\amd64_microsoft.windows.common-controls_6595b64144ccf1df_6.0.26100.8037_none_3e092faae333b53b\COMCTL32.dll
0x00007ff891a90000 - 0x00007ff891abb000 	C:\WINDOWS\System32\GDI32.dll
0x00007ff88fa40000 - 0x00007ff88fb6b000 	C:\WINDOWS\System32\gdi32full.dll
0x00007ff88eef0000 - 0x00007ff88ef93000 	C:\WINDOWS\System32\msvcp_win.dll
0x00007ff889460000 - 0x00007ff88946b000 	C:\WINDOWS\SYSTEM32\VERSION.dll
0x00007ff891400000 - 0x00007ff891431000 	C:\WINDOWS\System32\IMM32.DLL
0x00007ff872ba0000 - 0x00007ff872bac000 	C:\Program Files\Java\jdk-17\bin\vcruntime140_1.dll
0x00007ff831800000 - 0x00007ff83188e000 	C:\Program Files\Java\jdk-17\bin\msvcp140.dll
0x00007fffbc940000 - 0x00007fffbd520000 	C:\Program Files\Java\jdk-17\bin\server\jvm.dll
0x00007ff891c60000 - 0x00007ff891c68000 	C:\WINDOWS\System32\PSAPI.DLL
0x00007ff88b9a0000 - 0x00007ff88b9d5000 	C:\WINDOWS\SYSTEM32\WINMM.dll
0x00007fffed4b0000 - 0x00007fffed4ba000 	C:\WINDOWS\SYSTEM32\WSOCK32.dll
0x00007ff891bb0000 - 0x00007ff891c24000 	C:\WINDOWS\System32\WS2_32.dll
0x00007ff88d5f0000 - 0x00007ff88d60b000 	C:\WINDOWS\SYSTEM32\kernel.appcore.dll
0x00007ff86d4a0000 - 0x00007ff86d4aa000 	C:\Program Files\Java\jdk-17\bin\jimage.dll
0x00007ff88c5a0000 - 0x00007ff88c7e2000 	C:\WINDOWS\SYSTEM32\DBGHELP.DLL
0x00007ff890b40000 - 0x00007ff890ec2000 	C:\WINDOWS\System32\combase.dll
0x00007ff891270000 - 0x00007ff891347000 	C:\WINDOWS\System32\OLEAUT32.dll
0x00007ff86a720000 - 0x00007ff86a75b000 	C:\WINDOWS\SYSTEM32\dbgcore.DLL
0x00007ff88ee40000 - 0x00007ff88eee5000 	C:\WINDOWS\System32\bcryptPrimitives.dll
0x00007ff84c330000 - 0x00007ff84c355000 	C:\Program Files\Java\jdk-17\bin\java.dll

dbghelp: loaded successfully - version: 4.0.5 - missing functions: none
symbol engine: initialized successfully - sym options: 0x614 - pdb path: .;C:\Program Files\Java\jdk-17\bin;C:\WINDOWS\SYSTEM32;C:\WINDOWS\WinSxS\amd64_microsoft.windows.common-controls_6595b64144ccf1df_6.0.26100.8037_none_3e092faae333b53b;C:\Program Files\Java\jdk-17\bin\server

VM Arguments:
jvm_args: -Xmx64m -Xms64m -Dorg.gradle.appname=gradlew 
java_command: C:\Users\Sadhana\Projects\BridgifyApp\PeerReach\android\\gradle\wrapper\gradle-wrapper.jar app:installDebug -PreactNativeDevServerPort=8081
java_class_path (initial): C:\Users\Sadhana\Projects\BridgifyApp\PeerReach\android\\gradle\wrapper\gradle-wrapper.jar
Launcher Type: SUN_STANDARD

[Global flags]
     intx CICompilerCount                          = 12                                        {product} {ergonomic}
     uint ConcGCThreads                            = 4                                         {product} {ergonomic}
     uint G1ConcRefinementThreads                  = 15                                        {product} {ergonomic}
   size_t G1HeapRegionSize                         = 1048576                                   {product} {ergonomic}
    uintx GCDrainStackTargetSize                   = 64                                        {product} {ergonomic}
   size_t InitialHeapSize                          = 67108864                                  {product} {command line}
   size_t MarkStackSize                            = 4194304                                   {product} {ergonomic}
   size_t MaxHeapSize                              = 67108864                                  {product} {command line}
   size_t MinHeapDeltaBytes                        = 1048576                                   {product} {ergonomic}
   size_t MinHeapSize                              = 67108864                                  {product} {command line}
    uintx NonNMethodCodeHeapSize                   = 7602480                                {pd product} {ergonomic}
    uintx NonProfiledCodeHeapSize                  = 122027880                              {pd product} {ergonomic}
    uintx ProfiledCodeHeapSize                     = 122027880                              {pd product} {ergonomic}
    uintx ReservedCodeCacheSize                    = 251658240                              {pd product} {ergonomic}
     bool SegmentedCodeCache                       = true                                      {product} {ergonomic}
   size_t SoftMaxHeapSize                          = 67108864                               {manageable} {ergonomic}
     bool UseCompressedClassPointers               = true                           {product lp64_product} {ergonomic}
     bool UseCompressedOops                        = true                           {product lp64_product} {ergonomic}
     bool UseG1GC                                  = true                                      {product} {ergonomic}
     bool UseLargePagesIndividualAllocation        = false                                  {pd product} {ergonomic}

Logging:
Log output configuration:
 #0: stdout all=warning uptime,level,tags
 #1: stderr all=off uptime,level,tags

Environment Variables:
JAVA_HOME=C:\Program Files\Java\jdk-17
PATH=C:\Users\Sadhana\Projects\BridgifyApp\PeerReach\node_modules\.bin;C:\Users\Sadhana\Projects\BridgifyApp\PeerReach\node_modules\.bin;C:\Users\Sadhana\Projects\BridgifyApp\node_modules\.bin;C:\Users\Sadhana\Projects\node_modules\.bin;C:\Users\Sadhana\node_modules\.bin;C:\Users\node_modules\.bin;C:\node_modules\.bin;C:\Program Files\nodejs\node_modules\npm\node_modules\@npmcli\run-script\lib\node-gyp-bin;C:\Users\Sadhana\AppData\Local\cloud-code\installer\google-cloud-sdk\bin;C:\Program Files\Java\jdk-17\bin;C:\Windows\System32;C:\Windows;C:\Windows\System32\Wbem;C:\Program Files\nodejs\;C:\Program Files\Git\cmd;C:\Program Files\Android\Android Studio\jbr\bin;C:\MinGW\bin;C:\Users\Sadhana\AppData\Local\Programs\Python\Python314\;C:\Users\Sadhana\AppData\Local\Programs\Python\Python314\Scripts\;C:\Program Files\Docker\Docker\resources\bin;C:\Users\Sadhana\AppData\Local\Android\Sdk\platform-tools;C:\Users\Sadhana\AppData\Local\Android\Sdk\tools\bin;C:\Users\Sadhana\AppData\Local\Android\Sdk\cmdline-tools\latest\bin;C:\Users\Sadhana\AppData\Roaming\npm;C:\Users\Sadhana\AppData\Local\Android\Sdk\platform-tools;C:\Users\Sadhana\AppData\Local\Android\Sdk\emulator;C:\Users\Sadhana\AppData\Local\Android\Sdk\tools;C:\Users\Sadhana\AppData\Local\Android\Sdk\tools\bin;C:\Program Files\MongoDB\Server\8.2\bin;C:\Program Files\MongoDB\mongosh-2.x.x-win32-x64\bin;C:\Users\Sadhana\AppData\Local\Programs\Microsoft VS Code\bin;C:\Program Files\MongoDB\mongosh-2.6.0-win32-x64\bin;C:\Program Files\MySQL\MySQL Shell 8.0\bin\;C:\Users\Sadhana\AppData\Local\Programs\Microsoft VS Code\bin;c:\Users\Sadhana\.vscode\extensions\vscjava.vscode-java-debug-0.58.5\bundled\scripts\noConfigScripts
USERNAME=Sadhana
LANG=en_US.UTF-8
OS=Windows_NT
PROCESSOR_IDENTIFIER=Intel64 Family 6 Model 183 Stepping 1, GenuineIntel



---------------  S Y S T E M  ---------------

OS:
 Windows 11 , 64 bit Build 26100 (10.0.26100.7920)
OS uptime: 1 days 15:55 hours
Hyper-V role detected

CPU: total 20 (initial active 20) (10 cores per cpu, 2 threads per core) family 6 model 183 stepping 1 microcode 0x133, cx8, cmov, fxsr, ht, mmx, 3dnowpref, sse, sse2, sse3, ssse3, sse4.1, sse4.2, popcnt, lzcnt, tsc, tscinvbit, avx, avx2, aes, erms, clmul, bmi1, bmi2, adx, sha, fma, vzeroupper, clflush, clflushopt, clwb, hv

Memory: 4k page, system-wide physical 16068M (1522M free)
TotalPageFile size 65220M (AvailPageFile size 23M)
current process WorkingSet (physical memory assigned to process): 12M, peak: 12M
current process commit charge ("private bytes"): 74M, peak: 137M

vm_info: Java HotSpot(TM) 64-Bit Server VM (17.0.12+8-LTS-286) for windows-amd64 JRE (17.0.12+8-LTS-286), built on Jun  5 2024 06:46:59 by "mach5one" with MS VC++ 17.6 (VS2022)

END.
